﻿Database path: appdb.sqlite
Ô£ô Database cleaned

--- Extracting companies from La Rep├║blica ---
Extracted: 36 companies

--- Running automatic scraper (improved address extraction) ---
